// Vitest Snapshot v1, https://vitest.dev/guide/snapshot.html

exports[`MediaLightbox markup (ADR-082 U31 pin) > the \`embed\` branch — the one third-party frame 1`] = `"<div class="fl-lightbox" role="dialog" aria-modal="true" aria-label="How the power of fans saved The Expanse" tabindex="-1"><div class="fl-lightbox__frame"><span class="fl-lightbox__label">How the power of fans saved The Expanse<i aria-hidden="true"> · </i>2018</span><iframe class="fl-lightbox__video" src="https://www.youtube-nocookie.com/embed/a5-DcdfxCvU?autoplay=1&amp;rel=0" title="How the power of fans saved The Expanse" allow="autoplay; fullscreen; encrypted-media; picture-in-picture" allowfullscreen="" referrerpolicy="strict-origin-when-cross-origin"></iframe><button type="button" class="fl-lightbox__close">Close</button></div></div>"`;

exports[`MediaLightbox markup (ADR-082 U31 pin) > the \`src\` branch — a self-hosted film 1`] = `"<div class="fl-lightbox" role="dialog" aria-modal="true" aria-label="Smug Owl · Loop ATL" tabindex="-1"><div class="fl-lightbox__frame"><span class="fl-lightbox__label">Smug Owl · Loop ATL<i aria-hidden="true"> · </i>16:9 master · 30 sec</span><video class="fl-lightbox__video" src="/videos/cases/smug-owl.mp4" controls="" autoplay="" playsinline="" aria-label="Smug Owl · Loop ATL"></video><button type="button" class="fl-lightbox__close">Close</button></div></div>"`;
